GLARBAGEN